2026-08-18 09:10:59.043: [INFO] CurrentProfilePath: C:\Users\prera\eclipse-workspace\FoodDeliverySystem\.metadata\.plugins\org.eclipse.swt\EBWebView\Default
2026-08-18 09:10:59.043: [INFO] Profiles total count: 1
2026-08-18 09:10:59.043: [INFO] Profile: name=Profile 1 path=C:\Users\prera\eclipse-workspace\FoodDeliverySystem\.metadata\.plugins\org.eclipse.swt\EBWebView\Default lastActive=null
2026-08-18 09:10:59.043: [INFO] LastUsedProfileDir: C:\Users\prera\eclipse-workspace\FoodDeliverySystem\.metadata\.plugins\org.eclipse.swt\EBWebView\Default
2026-08-18 09:10:59.043: [INFO] OnDoneLoading sync enabled: 0
2026-08-18 09:10:59.043: [INFO] BookmarkModelLoaded, ids_reassigned: 0
2026-08-18 09:10:59.043: [INFO] BookmarksLoadDropped droppedNodes=0
2026-08-18 09:10:59.043: [INFO] BookmarksSnapshot Startup total=0 bar=0 other=0 mobile=0 showBar=0 showBarNTP=1
2026-08-18 09:11:11.972: [INFO] BookmarksSnapshot Shutdown total=0 bar=0 other=0 mobile=0 showBar=0 showBarNTP=1
2026-08-18 09:11:13.536: [INFO] CurrentProfilePath: C:\Users\prera\eclipse-workspace\FoodDeliverySystem\.metadata\.plugins\org.eclipse.swt\EBWebView\Default
2026-08-18 09:11:13.536: [INFO] Profiles total count: 1
2026-08-18 09:11:13.536: [INFO] Profile: name=Profile 1 path=C:\Users\prera\eclipse-workspace\FoodDeliverySystem\.metadata\.plugins\org.eclipse.swt\EBWebView\Default lastActive=2026-08-18T09:11:00.375Z
2026-08-18 09:11:13.536: [INFO] LastUsedProfileDir: C:\Users\prera\eclipse-workspace\FoodDeliverySystem\.metadata\.plugins\org.eclipse.swt\EBWebView\Default
2026-08-18 09:11:13.536: [INFO] MostRecentlyActiveProfile: name=Profile 1 path=C:\Users\prera\eclipse-workspace\FoodDeliverySystem\.metadata\.plugins\org.eclipse.swt\EBWebView\Default lastActive=2026-08-18T09:11:00.375Z
2026-08-18 09:11:13.536: [INFO] OnDoneLoading sync enabled: 0
2026-08-18 09:11:13.536: [INFO] BookmarkModelLoaded, ids_reassigned: 0
2026-08-18 09:11:13.536: [INFO] BookmarksLoadDropped droppedNodes=0
2026-08-18 09:11:13.536: [INFO] BookmarksSnapshot Startup total=0 bar=0 other=0 mobile=0 showBar=0 showBarNTP=1
2026-08-18 09:11:24.554: [INFO] BookmarksSnapshot Shutdown total=0 bar=0 other=0 mobile=0 showBar=0 showBarNTP=1
2026-09-03 05:34:04.557: [INFO] CurrentProfilePath: C:\Users\prera\eclipse-workspace\FoodDeliverySystem\.metadata\.plugins\org.eclipse.swt\EBWebView\Default
2026-09-03 05:34:04.557: [INFO] Profiles total count: 1
2026-09-03 05:34:04.557: [INFO] Profile: name=Profile 1 path=C:\Users\prera\eclipse-workspace\FoodDeliverySystem\.metadata\.plugins\org.eclipse.swt\EBWebView\Default lastActive=2026-08-18T09:11:00.375Z
2026-09-03 05:34:04.557: [INFO] LastUsedProfileDir: C:\Users\prera\eclipse-workspace\FoodDeliverySystem\.metadata\.plugins\org.eclipse.swt\EBWebView\Default
2026-09-03 05:34:04.557: [INFO] MostRecentlyActiveProfile: name=Profile 1 path=C:\Users\prera\eclipse-workspace\FoodDeliverySystem\.metadata\.plugins\org.eclipse.swt\EBWebView\Default lastActive=2026-08-18T09:11:00.375Z
2026-09-03 05:34:04.557: [INFO] OnDoneLoading sync enabled: 0
2026-09-03 05:34:04.557: [INFO] BookmarkModelLoaded, ids_reassigned: 0
2026-09-03 05:34:04.557: [INFO] BookmarksLoadDropped droppedNodes=0
2026-09-03 05:34:04.557: [INFO] BookmarksSnapshot Startup total=0 bar=0 other=0 mobile=0 showBar=0 showBarNTP=1
2026-09-03 05:35:17.369: [INFO] BookmarksSnapshot Shutdown total=0 bar=0 other=0 mobile=0 showBar=0 showBarNTP=1
2026-09-09 15:13:27.930: [INFO] CurrentProfilePath: C:\Users\prera\eclipse-workspace\FoodDeliverySystem\.metadata\.plugins\org.eclipse.swt\EBWebView\Default
2026-09-09 15:13:27.930: [INFO] Profiles total count: 1
2026-09-09 15:13:27.930: [INFO] Profile: name=Profile 1 path=C:\Users\prera\eclipse-workspace\FoodDeliverySystem\.metadata\.plugins\org.eclipse.swt\EBWebView\Default lastActive=2026-08-18T09:11:00.375Z
2026-09-09 15:13:27.930: [INFO] LastUsedProfileDir: C:\Users\prera\eclipse-workspace\FoodDeliverySystem\.metadata\.plugins\org.eclipse.swt\EBWebView\Default
2026-09-09 15:13:27.930: [INFO] MostRecentlyActiveProfile: name=Profile 1 path=C:\Users\prera\eclipse-workspace\FoodDeliverySystem\.metadata\.plugins\org.eclipse.swt\EBWebView\Default lastActive=2026-08-18T09:11:00.375Z
2026-09-09 15:13:27.930: [INFO] OnDoneLoading sync enabled: 0
2026-09-09 15:13:27.930: [INFO] BookmarkModelLoaded, ids_reassigned: 0
2026-09-09 15:13:27.930: [INFO] BookmarksLoadDropped droppedNodes=0
2026-09-09 15:13:27.930: [INFO] BookmarksSnapshot Startup total=0 bar=0 other=0 mobile=0 showBar=0 showBarNTP=1
2026-09-09 15:16:23.900: [INFO] BookmarksSnapshot Shutdown total=0 bar=0 other=0 mobile=0 showBar=0 showBarNTP=1
